[backblue.gif]
[fade.gif]
[index.html]
[vendor-cdn.imweb.me/minify_css/vendor_blue_10fd67.css]
[vendor-cdn.imweb.me/css/im_componenta183.css]
[vendor-cdn.imweb.me/css/site/alarm_menu1e8d.css]
[vendor-cdn.imweb.me/css/function9092.css]
[vendor-cdn.imweb.me/css/site/site708b.css]
[vendor-cdn.imweb.me/css/site/site2dc10.css]
[vendor-cdn.imweb.me/css/site/iefix27b18.css]
[vendor-cdn.imweb.me/css/animate6c3e.css]
[vendor-cdn.imweb.me/css/chosen4863.css]
[vendor-cdn.imweb.me/fonts/im-icon/style2cb4.css]
[vendor-cdn.imweb.me/fonts/phosphor/style7e17.css]
[vendor-cdn.imweb.me/css/ii28bd.css]
[vendor-cdn.imweb.me/fonts/pretendard/web/static/pretendard3afe.css]
[vendor-cdn.imweb.me/fonts/froala-emoji-tap/style9fbd.css]
[techjp.co.kr/css/custom5ed4.css]
[vendor-cdn.imweb.me/css/tailwindec1b.css]
[vendor-cdn.imweb.me/css/emoji9fbd.css]
[vendor-cdn.imweb.me/css/font-awesome5.min6a29.css]
[techjp.co.kr/_/oms-customer-front-office/style.css]
[vendor-cdn.imweb.me/css/montserrat.css]
[vendor-cdn.imweb.me/js/jquerya558.js]
[vendor-cdn.imweb.me/js/jquery-ui.designb253.js]
[vendor-cdn.imweb.me/js/lodash.mind91c.js]
[vendor-cdn.imweb.me/external/npm/vue@3/dist/vue.global.prod.js]
[vendor-cdn.imweb.me/js/axios.min3f46.js]
[vendor-cdn.imweb.me/js/sentry-bundle-9.12.0.mine0be.js]
[vendor-cdn.imweb.me/js/sentry-multiplexedtransport-9.12.0.mine0be.js]
[vendor-cdn.imweb.me/js/sentry-modulemetadata-9.12.0.mine0be.js]
[techjp.co.kr/js/init_sentry0caf.js]
[techjp.co.kr/js/imweb_external_sdka224.js]
[cdn.jsdelivr.net/gh/projectnoonnu/noonfonts_six@1.2/S-CoreDream-1Thin.woff]
[cdn.jsdelivr.net/gh/projectnoonnu/noonfonts_six@1.2/S-CoreDream-2ExtraLight.woff]
[cdn.jsdelivr.net/gh/projectnoonnu/noonfonts_six@1.2/S-CoreDream-3Light.woff]
[cdn.jsdelivr.net/gh/projectnoonnu/noonfonts_six@1.2/S-CoreDream-4Regular.woff]
[cdn.jsdelivr.net/gh/projectnoonnu/noonfonts_six@1.2/S-CoreDream-5Medium.woff]
[cdn.jsdelivr.net/gh/projectnoonnu/noonfonts_six@1.2/S-CoreDream-6Bold.woff]
[cdn.jsdelivr.net/gh/projectnoonnu/noonfonts_six@1.2/S-CoreDream-7ExtraBold.woff]
[cdn.jsdelivr.net/gh/projectnoonnu/noonfonts_six@1.2/S-CoreDream-8Heavy.woff]
[cdn.jsdelivr.net/gh/projectnoonnu/noonfonts_six@1.2/S-CoreDream-9Black.woff]
[t1.daumcdn.net/mapjsapi/bundle/postcode/prod/postcode.v2.js]
[player.vimeo.com/api/player.js]
[techjp.co.kr/common/img/default_profile.png]
[techjp.co.kr/logout4d32.html]
[techjp.co.kr/17.html]
[techjp.co.kr/34.html]
[techjp.co.kr/35.html]
[techjp.co.kr/36.html]
[techjp.co.kr/37.html]
[techjp.co.kr/18.html]
[techjp.co.kr/23.html]
[techjp.co.kr/24.html]
[techjp.co.kr/25.html]
[techjp.co.kr/26.html]
[techjp.co.kr/27.html]
[techjp.co.kr/28.html]
[techjp.co.kr/44.html]
[techjp.co.kr/43.html]
[techjp.co.kr/40.html]
[techjp.co.kr/41.html]
[techjp.co.kr/20.html]
[techjp.co.kr/29.html]
[techjp.co.kr/30.html]
[techjp.co.kr/38.html]
[techjp.co.kr/39.html]
[techjp.co.kr/21.html]
[cdn.imweb.me/thumbnail/20250327/60d767ef960c3.png]
[cdn.imweb.me/thumbnail/20250327/003a502bca8b4.png]
[cdn.imweb.me/thumbnail/20250327/7f247a099cd55.png]
[cdn.imweb.me/thumbnail/20230412/c2cd66820170d.jpg]
[cdn.imweb.me/thumbnail/20230412/f81f62a414141.jpg]
[cdn.imweb.me/thumbnail/20230412/36e7d5902d6e0.jpg]
[cdn.imweb.me/thumbnail/20230412/2c179e79b73a9.jpg]
[vendor-cdn.imweb.me/js/bootstrap.min2bcc.js]
[vendor-cdn.imweb.me/js/jquery.fileupload98f3.js]
[vendor-cdn.imweb.me/js/jquery.lazyload.min98f3.js]
[techjp.co.kr/js/localize/KR_KRW_currency4cbc.js]
[techjp.co.kr/js/brandscope21dc.js]
[vendor-cdn.imweb.me/js/commonec0d.js]
[vendor-cdn.imweb.me/js/im_componentc0ee.js]
[vendor-cdn.imweb.me/js/site_common447e.js]
[vendor-cdn.imweb.me/js/imagesloaded.pkgd.min98f3.js]
[vendor-cdn.imweb.me/js/jquery.smooth-scroll.min98f3.js]
[vendor-cdn.imweb.me/js/gambit-smoothscroll-min98f3.js]
[vendor-cdn.imweb.me/js/ThreeCanvasd439.js]
[vendor-cdn.imweb.me/js/snowd439.js]
[vendor-cdn.imweb.me/js/masonry.pkgd.min98f3.js]
[vendor-cdn.imweb.me/js/lightgallery-all.min4a26.js]
[vendor-cdn.imweb.me/js/bootstrap.slide-menu98f3.js]
[vendor-cdn.imweb.me/js/bootstrap.slide-menu-alarm98f3.js]
[vendor-cdn.imweb.me/js/bootstrap-hover-dropdown.min98f3.js]
[vendor-cdn.imweb.me/js/jquery-scrolltofixed79bd.js]
[vendor-cdn.imweb.me/js/jquery.trackpad-scroll-emulator98f3.js]
[vendor-cdn.imweb.me/js/modernizr.custom98f3.js]
[vendor-cdn.imweb.me/js/classie98f3.js]
[vendor-cdn.imweb.me/js/jquery.exif98f3.js]
[vendor-cdn.imweb.me/js/jquery.canvasResize98f3.js]
[vendor-cdn.imweb.me/js/autosize98f3.js]
[vendor-cdn.imweb.me/js/owl.carousel21338.js]
[vendor-cdn.imweb.me/js/slick.min98f3.js]
[techjp.co.kr/js/preview_modebbdb.js]
[techjp.co.kr/js/siteb448.js]
[techjp.co.kr/js/site_memberf116.js]
[techjp.co.kr/js/mobile_menu8e73.js]
[techjp.co.kr/js/sns_share6943.js]
[techjp.co.kr/js/android_image_upload9fbd.js]
[techjp.co.kr/js/alarm_menu1712.js]
[techjp.co.kr/js/alarm_badge01f7.js]
[techjp.co.kr/js/one_page7142.js]
[techjp.co.kr/js/site_coupon1403.js]
[techjp.co.kr/js/secret_article5e60.js]
[techjp.co.kr/js/article_reactionc0ba.js]
[techjp.co.kr/js/site_shop0e3b.js]
[techjp.co.kr/js/board_common738a.js]
[techjp.co.kr/js/site_shop_mypage4085.js]
[techjp.co.kr/js/site_search347e.js]
[techjp.co.kr/js/zipcode_daumb682.js]
[techjp.co.kr/js/site_booking4b2f.js]
[techjp.co.kr/js/site_sectionb061.js]
[vendor-cdn.imweb.me/js/jquery.number.min98f3.js]
[vendor-cdn.imweb.me/js/nprogress98f3.js]
[vendor-cdn.imweb.me/js/tinycolor-min98f3.js]
[techjp.co.kr/js/app3d23.js]
[techjp.co.kr/js/header_fixed_menu9092.js]
[techjp.co.kr/js/header_more_menu65b2.js]
[techjp.co.kr/js/header_center_colgroup2d7c.js]
[techjp.co.kr/js/mobile_carousel_menu9529.js]
[techjp.co.kr/js/header_mega_dropdown5e5e.js]
[techjp.co.kr/js/header_overlay3d23.js]
[techjp.co.kr/js/site_log6a6b.js]
[techjp.co.kr/js/advanced_trace24e5.js]
[techjp.co.kr/js/site_animationcdb1.js]
[techjp.co.kr/js/site_event_check8194.js]
[techjp.co.kr/js/site_widgetbd0e.js]
[vendor-cdn.imweb.me/js/moment.min7b42.js]
[vendor-cdn.imweb.me/js/moment-with-locales98f3.js]
[vendor-cdn.imweb.me/js/bootstrap-datepicker7e4f.js]
[vendor-cdn.imweb.me/js/jquery.timepicker.min98f3.js]
[vendor-cdn.imweb.me/js/ie-checker-min98f3.js]
[techjp.co.kr/js/channel_plugin7774.js]
[vendor-cdn.imweb.me/js/jquery.chosen5750.js]
[techjp.co.kr/js/device_uuid6be1.js]
[techjp.co.kr/js/recent_productbf39.js]
[wcs.naver.net/wcslog.js]
[vendor-cdn.imweb.me/dist/oms-shop-bridge/oms-shop-bridge.iife08aa.js]
[techjp.co.kr/_/oms-customer-front-office/app.js]
[techjp.co.kr/index.html]
[vendor-cdn.imweb.me/minify_css/vendor_blue_10fd67.css]
[vendor-cdn.imweb.me/minify_css/vendor_red_10fd67.css]
[vendor-cdn.imweb.me/css/im_componenta183.css]
[vendor-cdn.imweb.me/css/site/alarm_menu1e8d.css]
[vendor-cdn.imweb.me/css/function9092.css]
[static-cdn.crm.imweb.me/sdk/main.min.js]
[vendor-cdn.imweb.me/images/admin/design/ico_spinner.png]
[vendor-cdn.imweb.me/images/site/nav-logout-offe378.png]
[vendor-cdn.imweb.me/images/site/nav-logoutc65e.png]
[vendor-cdn.imweb.me/images/site/widget_add_icon3b38.png]
[vendor-cdn.imweb.me/images/site/file_icon5427.png]
[vendor-cdn.imweb.me/images/common/play_icon.png]
[vendor-cdn.imweb.me/images/site/social_icon3.png]
[vendor-cdn.imweb.me/images/site/social_icon.png]
[vendor-cdn.imweb.me/images/site/ico_confirm.png]
[vendor-cdn.imweb.me/images/site/profile_icon35e4.png]
[vendor-cdn.imweb.me/images/site/btn_widget_iconced0.png]
[vendor-cdn.imweb.me/images/site/img_empty_state42d3.png]
[vendor-cdn.imweb.me/images/site/logo_doznut8177.png]
[vendor-cdn.imweb.me/images/site/traffic2204.png]
[vendor-cdn.imweb.me/images/site/round-check-offf46a.png]
[vendor-cdn.imweb.me/images/site/round-check-on24d1.png]
[vendor-cdn.imweb.me/css/site/site708b.css]
[vendor-cdn.imweb.me/images/pc_npay_talk.png]
[vendor-cdn.imweb.me/images/pc_kakaopay_wish.png]
[vendor-cdn.imweb.me/images/logo_kakao_channel.png]
[vendor-cdn.imweb.me/images/site/m_option_close_btn.png]
[vendor-cdn.imweb.me/css/site/site2dc10.css]
[vendor-cdn.imweb.me/css/site/iefix27b18.css]
[vendor-cdn.imweb.me/css/animate6c3e.css]
[vendor-cdn.imweb.me/images/chosen/chosen-sprite.png]
[vendor-cdn.imweb.me/images/chosen/chosen-sprite@2x.png]
[vendor-cdn.imweb.me/css/chosen4863.css]
[vendor-cdn.imweb.me/css/chosenImage4e9c.css]
[vendor-cdn.imweb.me/fonts/im-icon/fonts/im-icon7d84.eot]
[vendor-cdn.imweb.me/fonts/im-icon/fonts/im-icon7d84.ttf]
[vendor-cdn.imweb.me/fonts/im-icon/fonts/im-icon7d84.woff]
[vendor-cdn.imweb.me/fonts/im-icon/style2cb4.css]
[vendor-cdn.imweb.me/fonts/im-icon/fonts/im-icon7d84.svg]
[vendor-cdn.imweb.me/fonts/phosphor/fonts/psifcdc.eot]
[vendor-cdn.imweb.me/fonts/phosphor/fonts/psifcdc.ttf]
[vendor-cdn.imweb.me/fonts/phosphor/fonts/psifcdc.woff]
[vendor-cdn.imweb.me/fonts/phosphor/style7e17.css]
[vendor-cdn.imweb.me/css/ii28bd.css]
[vendor-cdn.imweb.me/fonts/phosphor/fonts/psifcdc.svg]
[vendor-cdn.imweb.me/fonts/pretendard/web/variable/woff2/PretendardVariable.woff2]
[vendor-cdn.imweb.me/fonts/pretendard/web/variable/pretendardvariable3afe.css]
[vendor-cdn.imweb.me/fonts/pretendard/web/static/woff2/Pretendard-Black.woff2]
[vendor-cdn.imweb.me/fonts/pretendard/web/static/woff/Pretendard-Black.woff]
[vendor-cdn.imweb.me/fonts/pretendard/web/static/woff2/Pretendard-ExtraBold.woff2]
[vendor-cdn.imweb.me/fonts/pretendard/web/static/woff/Pretendard-ExtraBold.woff]
[vendor-cdn.imweb.me/fonts/pretendard/web/static/woff2/Pretendard-Bold.woff2]
[vendor-cdn.imweb.me/fonts/pretendard/web/static/woff/Pretendard-Bold.woff]
[vendor-cdn.imweb.me/fonts/pretendard/web/static/woff2/Pretendard-SemiBold.woff2]
[vendor-cdn.imweb.me/fonts/pretendard/web/static/woff/Pretendard-SemiBold.woff]
[vendor-cdn.imweb.me/fonts/pretendard/web/static/woff2/Pretendard-Medium.woff2]
[vendor-cdn.imweb.me/fonts/pretendard/web/static/woff/Pretendard-Medium.woff]
[vendor-cdn.imweb.me/fonts/pretendard/web/static/woff2/Pretendard-Regular.woff2]
[vendor-cdn.imweb.me/fonts/pretendard/web/static/woff/Pretendard-Regular.woff]
[vendor-cdn.imweb.me/fonts/pretendard/web/static/woff2/Pretendard-Light.woff2]
[vendor-cdn.imweb.me/fonts/pretendard/web/static/woff/Pretendard-Light.woff]
[vendor-cdn.imweb.me/fonts/pretendard/web/static/woff2/Pretendard-ExtraLight.woff2]
[vendor-cdn.imweb.me/fonts/pretendard/web/static/woff/Pretendard-ExtraLight.woff]
[vendor-cdn.imweb.me/fonts/pretendard/web/static/woff2/Pretendard-Thin.woff2]
[vendor-cdn.imweb.me/fonts/pretendard/web/static/woff/Pretendard-Thin.woff]
[vendor-cdn.imweb.me/fonts/pretendard/web/static/pretendard3afe.css]
[vendor-cdn.imweb.me/fonts/froala-emoji-tap/fonts/froala-emoji-tapbde6.eot]
[vendor-cdn.imweb.me/fonts/froala-emoji-tap/fonts/froala-emoji-tapbde6.ttf]
[vendor-cdn.imweb.me/fonts/froala-emoji-tap/fonts/froala-emoji-tapbde6.woff]
[vendor-cdn.imweb.me/fonts/froala-emoji-tap/style9fbd.css]
[vendor-cdn.imweb.me/fonts/froala-emoji-tap/fonts/froala-emoji-tapbde6.svg]
[vendor-cdn.imweb.me/css/notosanskr-hestia.css]
[vendor-cdn.imweb.me/images/naver_login2x.png]
[vendor-cdn.imweb.me/images/kakao_icon.png]
[vendor-cdn.imweb.me/images/google_icon.png]
[techjp.co.kr/css/custom5ed4.css]
[vendor-cdn.imweb.me/images/main/price/free_new_bg.png]
[vendor-cdn.imweb.me/images/main/price/pro_new_bg.png]
[vendor-cdn.imweb.me/images/main/price/starter_new_bg.png]
[vendor-cdn.imweb.me/images/main/price/global_new_bg.png]
[vendor-cdn.imweb.me/css/tailwindec1b.css]
[vendor-cdn.imweb.me/images/admin/shopping/dropdown_arrow.png]
[vendor-cdn.imweb.me/css/emoji9fbd.css]
[vendor-cdn.imweb.me/css/font-awesome5.min6a29.css]
[techjp.co.kr/_/oms-customer-front-office/style.css]
[vendor-cdn.imweb.me/css/score_dream.css]
[vendor-cdn.imweb.me/css/montserrat.css]
[techjp.co.kr/logout4d32.html]
[techjp.co.kr/js/brandscope.js]
[techjp.co.kr/17.html]
[techjp.co.kr/logoutb873.html]
[techjp.co.kr/34.html]
[techjp.co.kr/logout035c.html]
[techjp.co.kr/35.html]
[techjp.co.kr/logoutf07a.html]
[techjp.co.kr/logout8641.html]
[cdn.imweb.me/upload/S202207059bc34011f1d46/45a4209ed058e.jpg]
[cdn.imweb.me/upload/S202207059bc34011f1d46/93316ea8ef342.jpg]
[cdn.imweb.me/upload/S202207059bc34011f1d46/bb1377b61c020.jpg]
[cdn.imweb.me/upload/S202207059bc34011f1d46/6ddf8f939cf9c.jpg]
[techjp.co.kr/36.html]
[techjp.co.kr/logoutd974.html]
[oapi.map.naver.com/openapi/v3/maps610d.js]
[vendor-cdn.imweb.me/js/naver_MarkerClustering98f3.js]
[vendor-cdn.imweb.me/js/jquery.gmap398f3.js]
[techjp.co.kr/js/map2027.js]
[techjp.co.kr/js/post_comment8d38.js]
[techjp.co.kr/js/library_image8968.js]
[vendor-cdn.imweb.me/images/marker/marker_red.png]
[techjp.co.kr/37.html]
[techjp.co.kr/18.html]
[techjp.co.kr/logout9748.html]
[techjp.co.kr/23.html]
[techjp.co.kr/logoutcb2b.html]
[techjp.co.kr/24.html]
[techjp.co.kr/logouta7fa.html]
[techjp.co.kr/25.html]
[techjp.co.kr/logout5501.html]
[techjp.co.kr/logout9263.html]
[cdn.imweb.me/upload/S202207059bc34011f1d46/210818c91bee8.png]
[cdn.imweb.me/upload/S202207059bc34011f1d46/88838f32220ed.png]
[techjp.co.kr/26.html]
[techjp.co.kr/27.html]
[techjp.co.kr/logout6df5.html]
[techjp.co.kr/28.html]
[techjp.co.kr/logout822c.html]
[techjp.co.kr/logoutbcae.html]
[cdn.imweb.me/upload/S202207059bc34011f1d46/e0dee4ad5d9f2.png]
[cdn.imweb.me/upload/S202207059bc34011f1d46/eb2108e4324b3.png]
[techjp.co.kr/44.html]
[techjp.co.kr/logout1933.html]
[cdn.imweb.me/upload/S202207059bc34011f1d46/de51778a6554c.jpg]
[techjp.co.kr/43.html]
[techjp.co.kr/40.html]
[techjp.co.kr/logout96c1.html]
[techjp.co.kr/41.html]
[techjp.co.kr/logout8b02.html]
[techjp.co.kr/20.html]
[techjp.co.kr/logoutc75c.html]
[techjp.co.kr/29.html]
[techjp.co.kr/logout0786.html]
[techjp.co.kr/30.html]
[techjp.co.kr/logout0a3b.html]
[techjp.co.kr/logout83a7.html]
[techjp.co.kr/38.html]
[techjp.co.kr/js/site_form84a9.js]
[techjp.co.kr/39.html]
[techjp.co.kr/logoutca34.html]
[techjp.co.kr/21.html]
[techjp.co.kr/logoutb7de.html]
[vendor-cdn.imweb.me/fonts/im-icon/fonts/im-icon7d84.svg]
[vendor-cdn.imweb.me/fonts/phosphor/fonts/psifcdc.svg]
[vendor-cdn.imweb.me/fonts/froala-emoji-tap/fonts/froala-emoji-tapbde6.svg]
[vendor-cdn.imweb.me/css/notosanskr-hestia.css]
[fonts.googleapis.com/earlyaccess/nanumgothic.css]
[techjp.co.kr/logoutb873.html]
[techjp.co.kr/logout035c.html]
[techjp.co.kr/logoutf07a.html]
[techjp.co.kr/logout8641.html]
[techjp.co.kr/logoutd974.html]
[techjp.co.kr/logout9748.html]
[techjp.co.kr/logoutcb2b.html]
[techjp.co.kr/logouta7fa.html]
[techjp.co.kr/logout5501.html]
[techjp.co.kr/logout9263.html]
[techjp.co.kr/logout6df5.html]
[techjp.co.kr/logout822c.html]
[techjp.co.kr/logoutbcae.html]
[techjp.co.kr/logout1933.html]
[techjp.co.kr/logout96c1.html]
[techjp.co.kr/logout8b02.html]
[techjp.co.kr/logoutc75c.html]
[techjp.co.kr/logout0786.html]
[techjp.co.kr/logout0a3b.html]
[techjp.co.kr/logout83a7.html]
[techjp.co.kr/logoutca34.html]
[techjp.co.kr/logoutb7de.html]
